Component: ARM Compiler 5.06 update 5 (build 528) Tool: armlink [4d35e2]

==============================================================================

Section Cross References

    startup_stm32f429_439xx.o(RESET) refers to startup_stm32f429_439xx.o(STACK) for __initial_sp
    startup_stm32f429_439xx.o(RESET) refers to startup_stm32f429_439xx.o(.text) for Reset_Handler
    startup_stm32f429_439xx.o(RESET) refers to stm32f4xx_it.o(.text) for NMI_Handler
    startup_stm32f429_439xx.o(RESET) refers to main.o(.text) for SPI1_IRQHandler
    startup_stm32f429_439xx.o(.text) refers to system_stm32f4xx.o(.text) for SystemInit
    startup_stm32f429_439xx.o(.text) refers to entry.o(.ARM.Collect$$$$00000000) for __main
    stm32f4xx_rcc.o(.text) refers to stm32f4xx_rcc.o(.data) for .data
    stm32f4xx_gpio.o(.text) refers to stm32f4xx_rcc.o(.text) for RCC_AHB1PeriphResetCmd
    stm32f4xx_fmc.o(.text) refers to stm32f4xx_fmc.o(.constdata) for .constdata
    stm32f4xx_spi.o(.text) refers to stm32f4xx_rcc.o(.text) for RCC_APB1PeriphResetCmd
    stm32f4xx_usart.o(.text) refers to stm32f4xx_rcc.o(.text) for RCC_APB2PeriphResetCmd
    tm_stm32f4_delay.o(.text) refers to malloc.o(i.malloc) for malloc
    tm_stm32f4_delay.o(.text) refers to malloc.o(i.free) for free
    tm_stm32f4_delay.o(.text) refers to tm_stm32f4_delay.o(.data) for .data
    tm_stm32f4_delay.o(.text) refers to tm_stm32f4_delay.o(.bss) for .bss
    tm_stm32f4_delay.o(.text) refers to system_stm32f4xx.o(.data) for SystemCoreClock
    tm_stm32f4_disco.o(.text) refers to tm_stm32f4_gpio.o(.text) for TM_GPIO_Init
    tm_stm32f4_disco.o(.text) refers to tm_stm32f4_disco.o(.data) for .data
    tm_stm32f4_gpio.o(.text) refers to tm_stm32f4_gpio.o(.bss) for .bss
    tm_stm32f4_sdram.o(.text) refers to stm32f4xx_fmc.o(.text) for FMC_SDRAMInit
    tm_stm32f4_sdram.o(.text) refers to tm_stm32f4_gpio.o(.text) for TM_GPIO_InitAlternate
    tm_stm32f4_sdram.o(.text) refers to tm_stm32f4_sdram.o(.data) for .data
    tm_stm32f4_spi.o(.text) refers to tm_stm32f4_gpio.o(.text) for TM_GPIO_InitAlternate
    tm_stm32f4_spi.o(.text) refers to stm32f4xx_spi.o(.text) for SPI_StructInit
    tm_stm32f4_spi.o(.text) refers to stm32f4xx_rcc.o(.text) for RCC_GetClocksFreq
    main.o(.text) refers to stm32f4xx_rcc.o(.text) for RCC_APB2PeriphClockCmd
    main.o(.text) refers to stm32f4xx_gpio.o(.text) for GPIO_Init
    main.o(.text) refers to stm32f4xx_spi.o(.text) for SPI_I2S_ITConfig
    main.o(.text) refers to misc.o(.text) for NVIC_Init
    main.o(.text) refers to main.o(.data) for .data
    main.o(.text) refers to stm32f4xx_usart.o(.text) for USART_Init
    main.o(.text) refers to tm_stm32f4_sdram.o(.text) for TM_SDRAM_Init
    main.o(.text) refers to system_stm32f4xx.o(.data) for SystemCoreClock
    stm32f4xx_it.o(.text) refers to tm_stm32f4_delay.o(.text) for TimingDelay_Decrement
    stm32f4xx_it.o(.text) refers to main.o(.data) for time_stamp
    system_stm32f4xx.o(.text) refers to system_stm32f4xx.o(.data) for .data
    entry.o(.ARM.Collect$$$$00000000) refers (Special) to entry10a.o(.ARM.Collect$$$$0000000D) for __rt_final_cpp
    entry.o(.ARM.Collect$$$$00000000) refers (Special) to entry11a.o(.ARM.Collect$$$$0000000F) for __rt_final_exit
    entry.o(.ARM.Collect$$$$00000000) refers (Special) to entry7b.o(.ARM.Collect$$$$00000008) for _main_clock
    entry.o(.ARM.Collect$$$$00000000) refers (Special) to entry8b.o(.ARM.Collect$$$$0000000A) for _main_cpp_init
    entry.o(.ARM.Collect$$$$00000000) refers (Special) to entry9a.o(.ARM.Collect$$$$0000000B) for _main_init
    entry.o(.ARM.Collect$$$$00000000) refers (Special) to entry5.o(.ARM.Collect$$$$00000004) for _main_scatterload
    entry.o(.ARM.Collect$$$$00000000) refers (Special) to entry2.o(.ARM.Collect$$$$00000001) for _main_stk
    malloc.o(i.free) refers to mvars.o(.data) for __microlib_freelist
    malloc.o(i.malloc) refers to mvars.o(.data) for __microlib_freelist_initialised
    malloc.o(i.malloc) refers to mvars.o(.data) for __microlib_freelist
    malloc.o(i.malloc) refers to startup_stm32f429_439xx.o(HEAP) for __heap_base
    mallocr.o(i.__free$realloc) refers to mvars.o(.data) for __microlib_freelist
    mallocr.o(i.__malloc$realloc) refers to mallocr.o(i.internal_alloc) for internal_alloc
    mallocr.o(i.__malloc$realloc) refers to mvars.o(.data) for __microlib_freelist_initialised
    mallocr.o(i.__malloc$realloc) refers to startup_stm32f429_439xx.o(HEAP) for __heap_base
    mallocr.o(i.__malloc$realloc) refers to mvars.o(.data) for __microlib_freelist
    mallocr.o(i.internal_alloc) refers to memcpya.o(.text) for __aeabi_memcpy
    mallocr.o(i.internal_alloc) refers to mvars.o(.data) for __microlib_freelist
    mallocr.o(i.realloc) refers to mallocr.o(i.__free$realloc) for __free$realloc
    mallocr.o(i.realloc) refers to mallocr.o(i.internal_alloc) for internal_alloc
    mallocr.o(i.realloc) refers to mallocr.o(i.__malloc$realloc) for __malloc$realloc
    mallocr.o(i.realloc) refers to mvars.o(.data) for __microlib_freelist
    malloca.o(i.__aligned_malloc) refers to mvars.o(.data) for __microlib_freelist_initialised
    malloca.o(i.__aligned_malloc) refers to mvars.o(.data) for __microlib_freelist
    malloca.o(i.__aligned_malloc) refers to startup_stm32f429_439xx.o(HEAP) for __heap_base
    malloca.o(i.__free$memalign) refers to mvars.o(.data) for __microlib_freelist
    malloca.o(i.__malloc$memalign) refers to malloca.o(i.__aligned_malloc) for __aligned_malloc
    mallocra.o(i.__aligned_malloc$realloc) refers to mallocra.o(i.internal_alloc) for internal_alloc
    mallocra.o(i.__aligned_malloc$realloc) refers to mvars.o(.data) for __microlib_freelist_initialised
    mallocra.o(i.__aligned_malloc$realloc) refers to startup_stm32f429_439xx.o(HEAP) for __heap_base
    mallocra.o(i.__aligned_malloc$realloc) refers to mvars.o(.data) for __microlib_freelist
    mallocra.o(i.__free$realloc$memalign) refers to mvars.o(.data) for __microlib_freelist
    mallocra.o(i.__malloc$realloc$memalign) refers to mallocra.o(i.__aligned_malloc$realloc) for __aligned_malloc$realloc
    mallocra.o(i.__realloc$memalign) refers to mallocra.o(i.__free$realloc$memalign) for __free$realloc$memalign
    mallocra.o(i.__realloc$memalign) refers to mallocra.o(i.internal_alloc) for internal_alloc
    mallocra.o(i.__realloc$memalign) refers to mallocra.o(i.__malloc$realloc$memalign) for __malloc$realloc$memalign
    mallocra.o(i.__realloc$memalign) refers to mvars.o(.data) for __microlib_freelist
    mallocra.o(i.internal_alloc) refers to memcpya.o(.text) for __aeabi_memcpy
    mallocra.o(i.internal_alloc) refers to mvars.o(.data) for __microlib_freelist
    entry2.o(.ARM.Collect$$$$00000001) refers to entry2.o(.ARM.Collect$$$$00002712) for __lit__00000000
    entry2.o(.ARM.Collect$$$$00002712) refers to startup_stm32f429_439xx.o(STACK) for __initial_sp
    entry2.o(__vectab_stack_and_reset_area) refers to startup_stm32f429_439xx.o(STACK) for __initial_sp
    entry2.o(__vectab_stack_and_reset_area) refers to entry.o(.ARM.Collect$$$$00000000) for __main
    entry5.o(.ARM.Collect$$$$00000004) refers to init.o(.text) for __scatterload
    entry9a.o(.ARM.Collect$$$$0000000B) refers to main.o(.text) for main
    entry9b.o(.ARM.Collect$$$$0000000C) refers to main.o(.text) for main
    init.o(.text) refers to entry5.o(.ARM.Collect$$$$00000004) for __main_after_scatterload


==============================================================================

Removing Unused input sections from the image.

    Removing misc.o(.rev16_text), (4 bytes).
    Removing misc.o(.revsh_text), (4 bytes).
    Removing misc.o(.rrx_text), (6 bytes).
    Removing stm32f4xx_rcc.o(.rev16_text), (4 bytes).
    Removing stm32f4xx_rcc.o(.revsh_text), (4 bytes).
    Removing stm32f4xx_rcc.o(.rrx_text), (6 bytes).
    Removing stm32f4xx_gpio.o(.rev16_text), (4 bytes).
    Removing stm32f4xx_gpio.o(.revsh_text), (4 bytes).
    Removing stm32f4xx_gpio.o(.rrx_text), (6 bytes).
    Removing stm32f4xx_fmc.o(.rev16_text), (4 bytes).
    Removing stm32f4xx_fmc.o(.revsh_text), (4 bytes).
    Removing stm32f4xx_fmc.o(.rrx_text), (6 bytes).
    Removing stm32f4xx_spi.o(.rev16_text), (4 bytes).
    Removing stm32f4xx_spi.o(.revsh_text), (4 bytes).
    Removing stm32f4xx_spi.o(.rrx_text), (6 bytes).
    Removing stm32f4xx_usart.o(.rev16_text), (4 bytes).
    Removing stm32f4xx_usart.o(.revsh_text), (4 bytes).
    Removing stm32f4xx_usart.o(.rrx_text), (6 bytes).
    Removing tm_stm32f4_delay.o(.rev16_text), (4 bytes).
    Removing tm_stm32f4_delay.o(.revsh_text), (4 bytes).
    Removing tm_stm32f4_delay.o(.rrx_text), (6 bytes).
    Removing tm_stm32f4_delay.o(.data), (4 bytes).
    Removing tm_stm32f4_disco.o(.rev16_text), (4 bytes).
    Removing tm_stm32f4_disco.o(.revsh_text), (4 bytes).
    Removing tm_stm32f4_disco.o(.rrx_text), (6 bytes).
    Removing tm_stm32f4_disco.o(.text), (132 bytes).
    Removing tm_stm32f4_disco.o(.data), (1 bytes).
    Removing tm_stm32f4_gpio.o(.rev16_text), (4 bytes).
    Removing tm_stm32f4_gpio.o(.revsh_text), (4 bytes).
    Removing tm_stm32f4_gpio.o(.rrx_text), (6 bytes).
    Removing tm_stm32f4_sdram.o(.rev16_text), (4 bytes).
    Removing tm_stm32f4_sdram.o(.revsh_text), (4 bytes).
    Removing tm_stm32f4_sdram.o(.rrx_text), (6 bytes).
    Removing tm_stm32f4_spi.o(.rev16_text), (4 bytes).
    Removing tm_stm32f4_spi.o(.revsh_text), (4 bytes).
    Removing tm_stm32f4_spi.o(.rrx_text), (6 bytes).
    Removing tm_stm32f4_spi.o(.text), (1600 bytes).
    Removing main.o(.rev16_text), (4 bytes).
    Removing main.o(.revsh_text), (4 bytes).
    Removing main.o(.rrx_text), (6 bytes).
    Removing stm32f4xx_it.o(.rev16_text), (4 bytes).
    Removing stm32f4xx_it.o(.revsh_text), (4 bytes).
    Removing stm32f4xx_it.o(.rrx_text), (6 bytes).
    Removing system_stm32f4xx.o(.rev16_text), (4 bytes).
    Removing system_stm32f4xx.o(.revsh_text), (4 bytes).
    Removing system_stm32f4xx.o(.rrx_text), (6 bytes).

46 unused section(s) (total 1933 bytes) removed from the image.

==============================================================================

Image Symbol Table

    Local Symbols

    Symbol Name                              Value     Ov Type        Size  Object(Section)

    ../clib/microlib/init/entry.s            0x00000000   Number         0  entry9b.o ABSOLUTE
    ../clib/microlib/init/entry.s            0x00000000   Number         0  entry2.o ABSOLUTE
    ../clib/microlib/init/entry.s            0x00000000   Number         0  entry9a.o ABSOLUTE
    ../clib/microlib/init/entry.s            0x00000000   Number         0  entry8b.o ABSOLUTE
    ../clib/microlib/init/entry.s            0x00000000   Number         0  entry8a.o ABSOLUTE
    ../clib/microlib/init/entry.s            0x00000000   Number         0  entry11b.o ABSOLUTE
    ../clib/microlib/init/entry.s            0x00000000   Number         0  entry11a.o ABSOLUTE
    ../clib/microlib/init/entry.s            0x00000000   Number         0  entry10a.o ABSOLUTE
    ../clib/microlib/init/entry.s            0x00000000   Number         0  entry7b.o ABSOLUTE
    ../clib/microlib/init/entry.s            0x00000000   Number         0  entry10b.o ABSOLUTE
    ../clib/microlib/init/entry.s            0x00000000   Number         0  entry7a.o ABSOLUTE
    ../clib/microlib/init/entry.s            0x00000000   Number         0  entry.o ABSOLUTE
    ../clib/microlib/init/entry.s            0x00000000   Number         0  entry5.o ABSOLUTE
    ../clib/microlib/malloc/malloc.c         0x00000000   Number         0  mallocr.o ABSOLUTE
    ../clib/microlib/malloc/malloc.c         0x00000000   Number         0  mallocra.o ABSOLUTE
    ../clib/microlib/malloc/malloc.c         0x00000000   Number         0  malloca.o ABSOLUTE
    ../clib/microlib/malloc/malloc.c         0x00000000   Number         0  malloc.o ABSOLUTE
    ../clib/microlib/malloc/mvars.c          0x00000000   Number         0  mvars.o ABSOLUTE
    ../clib/microlib/string/memcpy.c         0x00000000   Number         0  memcpyb.o ABSOLUTE
    ../clib/microlib/string/memcpy.c         0x00000000   Number         0  memcpya.o ABSOLUTE
    ..\00-STM32F429_LIBRARIES\tm_stm32f4_delay.c 0x00000000   Number         0  tm_stm32f4_delay.o ABSOLUTE
    ..\00-STM32F429_LIBRARIES\tm_stm32f4_disco.c 0x00000000   Number         0  tm_stm32f4_disco.o ABSOLUTE
    ..\00-STM32F429_LIBRARIES\tm_stm32f4_gpio.c 0x00000000   Number         0  tm_stm32f4_gpio.o ABSOLUTE
    ..\00-STM32F429_LIBRARIES\tm_stm32f4_sdram.c 0x00000000   Number         0  tm_stm32f4_sdram.o ABSOLUTE
    ..\00-STM32F429_LIBRARIES\tm_stm32f4_spi.c 0x00000000   Number         0  tm_stm32f4_spi.o ABSOLUTE
    ..\00-STM32F4xx_STANDARD_PERIPHERAL_DRIVERS\CMSIS\Device\ST\STM32F4xx\Source\Templates\arm\startup_stm32f429_439xx.s 0x00000000   Number         0  startup_stm32f429_439xx.o ABSOLUTE
    ..\00-STM32F4xx_STANDARD_PERIPHERAL_DRIVERS\STM32F4xx_StdPeriph_Driver\src\misc.c 0x00000000   Number         0  misc.o ABSOLUTE
    ..\00-STM32F4xx_STANDARD_PERIPHERAL_DRIVERS\STM32F4xx_StdPeriph_Driver\src\stm32f4xx_fmc.c 0x00000000   Number         0  stm32f4xx_fmc.o ABSOLUTE
    ..\00-STM32F4xx_STANDARD_PERIPHERAL_DRIVERS\STM32F4xx_StdPeriph_Driver\src\stm32f4xx_gpio.c 0x00000000   Number         0  stm32f4xx_gpio.o ABSOLUTE
    ..\00-STM32F4xx_STANDARD_PERIPHERAL_DRIVERS\STM32F4xx_StdPeriph_Driver\src\stm32f4xx_rcc.c 0x00000000   Number         0  stm32f4xx_rcc.o ABSOLUTE
    ..\00-STM32F4xx_STANDARD_PERIPHERAL_DRIVERS\STM32F4xx_StdPeriph_Driver\src\stm32f4xx_spi.c 0x00000000   Number         0  stm32f4xx_spi.o ABSOLUTE
    ..\00-STM32F4xx_STANDARD_PERIPHERAL_DRIVERS\STM32F4xx_StdPeriph_Driver\src\stm32f4xx_usart.c 0x00000000   Number         0  stm32f4xx_usart.o ABSOLUTE
    ..\\00-STM32F429_LIBRARIES\\tm_stm32f4_delay.c 0x00000000   Number         0  tm_stm32f4_delay.o ABSOLUTE
    ..\\00-STM32F429_LIBRARIES\\tm_stm32f4_disco.c 0x00000000   Number         0  tm_stm32f4_disco.o ABSOLUTE
    ..\\00-STM32F429_LIBRARIES\\tm_stm32f4_gpio.c 0x00000000   Number         0  tm_stm32f4_gpio.o ABSOLUTE
    ..\\00-STM32F429_LIBRARIES\\tm_stm32f4_sdram.c 0x00000000   Number         0  tm_stm32f4_sdram.o ABSOLUTE
    ..\\00-STM32F429_LIBRARIES\\tm_stm32f4_spi.c 0x00000000   Number         0  tm_stm32f4_spi.o ABSOLUTE
    ..\\00-STM32F4xx_STANDARD_PERIPHERAL_DRIVERS\\STM32F4xx_StdPeriph_Driver\\src\\misc.c 0x00000000   Number         0  misc.o ABSOLUTE
    ..\\00-STM32F4xx_STANDARD_PERIPHERAL_DRIVERS\\STM32F4xx_StdPeriph_Driver\\src\\stm32f4xx_fmc.c 0x00000000   Number         0  stm32f4xx_fmc.o ABSOLUTE
    ..\\00-STM32F4xx_STANDARD_PERIPHERAL_DRIVERS\\STM32F4xx_StdPeriph_Driver\\src\\stm32f4xx_gpio.c 0x00000000   Number         0  stm32f4xx_gpio.o ABSOLUTE
    ..\\00-STM32F4xx_STANDARD_PERIPHERAL_DRIVERS\\STM32F4xx_StdPeriph_Driver\\src\\stm32f4xx_rcc.c 0x00000000   Number         0  stm32f4xx_rcc.o ABSOLUTE
    ..\\00-STM32F4xx_STANDARD_PERIPHERAL_DRIVERS\\STM32F4xx_StdPeriph_Driver\\src\\stm32f4xx_spi.c 0x00000000   Number         0  stm32f4xx_spi.o ABSOLUTE
    ..\\00-STM32F4xx_STANDARD_PERIPHERAL_DRIVERS\\STM32F4xx_StdPeriph_Driver\\src\\stm32f4xx_usart.c 0x00000000   Number         0  stm32f4xx_usart.o ABSOLUTE
    User\\main.c                             0x00000000   Number         0  main.o ABSOLUTE
    User\\stm32f4xx_it.c                     0x00000000   Number         0  stm32f4xx_it.o ABSOLUTE
    User\\system_stm32f4xx.c                 0x00000000   Number         0  system_stm32f4xx.o ABSOLUTE
    User\main.c                              0x00000000   Number         0  main.o ABSOLUTE
    User\stm32f4xx_it.c                      0x00000000   Number         0  stm32f4xx_it.o ABSOLUTE
    User\system_stm32f4xx.c                  0x00000000   Number         0  system_stm32f4xx.o ABSOLUTE
    dc.s                                     0x00000000   Number         0  dc.o ABSOLUTE
    handlers.s                               0x00000000   Number         0  handlers.o ABSOLUTE
    init.s                                   0x00000000   Number         0  init.o ABSOLUTE
    RESET                                    0x08000000   Section      428  startup_stm32f429_439xx.o(RESET)
    .ARM.Collect$$$$00000000                 0x080001ac   Section        0  entry.o(.ARM.Collect$$$$00000000)
    .ARM.Collect$$$$00000001                 0x080001ac   Section        4  entry2.o(.ARM.Collect$$$$00000001)
    .ARM.Collect$$$$00000004                 0x080001b0   Section        4  entry5.o(.ARM.Collect$$$$00000004)
    .ARM.Collect$$$$00000008                 0x080001b4   Section        0  entry7b.o(.ARM.Collect$$$$00000008)
    .ARM.Collect$$$$0000000A                 0x080001b4   Section        0  entry8b.o(.ARM.Collect$$$$0000000A)
    .ARM.Collect$$$$0000000B                 0x080001b4   Section        8  entry9a.o(.ARM.Collect$$$$0000000B)
    .ARM.Collect$$$$0000000D                 0x080001bc   Section        0  entry10a.o(.ARM.Collect$$$$0000000D)
    .ARM.Collect$$$$0000000F                 0x080001bc   Section        0  entry11a.o(.ARM.Collect$$$$0000000F)
    .ARM.Collect$$$$00002712                 0x080001bc   Section        4  entry2.o(.ARM.Collect$$$$00002712)
    __lit__00000000                          0x080001bc   Data           4  entry2.o(.ARM.Collect$$$$00002712)
    .text                                    0x080001c0   Section       36  startup_stm32f429_439xx.o(.text)
    $v0                                      0x080001c0   Number         0  startup_stm32f429_439xx.o(.text)
    .text                                    0x080001e4   Section        0  misc.o(.text)
    .text                                    0x08000294   Section        0  stm32f4xx_rcc.o(.text)
    .text                                    0x08000718   Section        0  stm32f4xx_gpio.o(.text)
    .text                                    0x08000924   Section        0  stm32f4xx_fmc.o(.text)
    .text                                    0x08001084   Section        0  stm32f4xx_spi.o(.text)
    .text                                    0x080013b0   Section        0  stm32f4xx_usart.o(.text)
    .text                                    0x08001708   Section        0  tm_stm32f4_delay.o(.text)
    .text                                    0x08001888   Section        0  tm_stm32f4_gpio.o(.text)
    .text                                    0x08001b24   Section        0  tm_stm32f4_sdram.o(.text)
    TM_SDRAM_InitPins                        0x08001c99   Thumb Code   120  tm_stm32f4_sdram.o(.text)
    .text                                    0x08001d34   Section        0  main.o(.text)
    .text                                    0x080023cc   Section        0  stm32f4xx_it.o(.text)
    .text                                    0x080023f4   Section        0  system_stm32f4xx.o(.text)
    SetSysClock                              0x080023f5   Thumb Code   190  system_stm32f4xx.o(.text)
    .text                                    0x0800258c   Section       36  init.o(.text)
    i.__scatterload_copy                     0x080025b0   Section       14  handlers.o(i.__scatterload_copy)
    i.__scatterload_null                     0x080025be   Section        2  handlers.o(i.__scatterload_null)
    i.__scatterload_zeroinit                 0x080025c0   Section       14  handlers.o(i.__scatterload_zeroinit)
    i.free                                   0x080025d0   Section        0  malloc.o(i.free)
    i.malloc                                 0x08002620   Section        0  malloc.o(i.malloc)
    .constdata                               0x0800268c   Section       28  stm32f4xx_fmc.o(.constdata)
    .data                                    0x20000000   Section       16  stm32f4xx_rcc.o(.data)
    APBAHBPrescTable                         0x20000000   Data          16  stm32f4xx_rcc.o(.data)
    .data                                    0x20000010   Section       16  tm_stm32f4_delay.o(.data)
    .data                                    0x20000020   Section        1  tm_stm32f4_sdram.o(.data)
    initialized                              0x20000020   Data           1  tm_stm32f4_sdram.o(.data)
    .data                                    0x20000024   Section       40  main.o(.data)
    .data                                    0x2000004c   Section       20  system_stm32f4xx.o(.data)
    .data                                    0x20000060   Section        4  mvars.o(.data)
    .data                                    0x20000064   Section        4  mvars.o(.data)
    .bss                                     0x20000068   Section       24  tm_stm32f4_delay.o(.bss)
    CustomTimers                             0x20000068   Data          24  tm_stm32f4_delay.o(.bss)
    .bss                                     0x20000080   Section       22  tm_stm32f4_gpio.o(.bss)
    GPIO_UsedPins                            0x20000080   Data          22  tm_stm32f4_gpio.o(.bss)
    HEAP                                     0x20000098   Section      512  startup_stm32f429_439xx.o(HEAP)
    STACK                                    0x20000298   Section     1024  startup_stm32f429_439xx.o(STACK)

    Global Symbols

    Symbol Name                              Value     Ov Type        Size  Object(Section)

    BuildAttributes$$THM_ISAv4$E$P$D$K$B$S$7EM$VFPi3$EXTD16$VFPS$VFMA$PE$A:L22UL41UL21$X:L11$S22US41US21$IEEE1$IW$USESV6$~STKCKD$USESV7$~SHL$OSPACE$EBA8$MICROLIB$REQ8$PRES8$EABIv2 0x00000000   Number         0  anon$$obj.o ABSOLUTE
    __ARM_use_no_argv                        0x00000000   Number         0  main.o ABSOLUTE
    TM_DELAY_1msHandler                       - Undefined Weak Reference
    __cpp_initialize__aeabi_                  - Undefined Weak Reference
    __cxa_finalize                            - Undefined Weak Reference
    __decompress                              - Undefined Weak Reference
    _clock_init                               - Undefined Weak Reference
    _microlib_exit                            - Undefined Weak Reference
    __Vectors_Size                           0x000001ac   Number         0  startup_stm32f429_439xx.o ABSOLUTE
    __Vectors                                0x08000000   Data           4  startup_stm32f429_439xx.o(RESET)
    __Vectors_End                            0x080001ac   Data           0  startup_stm32f429_439xx.o(RESET)
    __main                                   0x080001ad   Thumb Code     0  entry.o(.ARM.Collect$$$$00000000)
    _main_stk                                0x080001ad   Thumb Code     0  entry2.o(.ARM.Collect$$$$00000001)
    _main_scatterload                        0x080001b1   Thumb Code     0  entry5.o(.ARM.Collect$$$$00000004)
    __main_after_scatterload                 0x080001b5   Thumb Code     0  entry5.o(.ARM.Collect$$$$00000004)
    _main_clock                              0x080001b5   Thumb Code     0  entry7b.o(.ARM.Collect$$$$00000008)
    _main_cpp_init                           0x080001b5   Thumb Code     0  entry8b.o(.ARM.Collect$$$$0000000A)
    _main_init                               0x080001b5   Thumb Code     0  entry9a.o(.ARM.Collect$$$$0000000B)
    __rt_final_cpp                           0x080001bd   Thumb Code     0  entry10a.o(.ARM.Collect$$$$0000000D)
    __rt_final_exit                          0x080001bd   Thumb Code     0  entry11a.o(.ARM.Collect$$$$0000000F)
    Reset_Handler                            0x080001c1   Thumb Code     8  startup_stm32f429_439xx.o(.text)
    ADC_IRQHandler                           0x080001db   Thumb Code     0  startup_stm32f429_439xx.o(.text)
    CAN1_RX0_IRQHandler                      0x080001db   Thumb Code     0  startup_stm32f429_439xx.o(.text)
    CAN1_RX1_IRQHandler                      0x080001db   Thumb Code     0  startup_stm32f429_439xx.o(.text)
    CAN1_SCE_IRQHandler                      0x080001db   Thumb Code     0  startup_stm32f429_439xx.o(.text)
    CAN1_TX_IRQHandler                       0x080001db   Thumb Code     0  startup_stm32f429_439xx.o(.text)
    CAN2_RX0_IRQHandler                      0x080001db   Thumb Code     0  startup_stm32f429_439xx.o(.text)
    CAN2_RX1_IRQHandler                      0x080001db   Thumb Code     0  startup_stm32f429_439xx.o(.text)
    CAN2_SCE_IRQHandler                      0x080001db   Thumb Code     0  startup_stm32f429_439xx.o(.text)
    CAN2_TX_IRQHandler                       0x080001db   Thumb Code     0  startup_stm32f429_439xx.o(.text)
    CRYP_IRQHandler                          0x080001db   Thumb Code     0  startup_stm32f429_439xx.o(.text)
    DCMI_IRQHandler                          0x080001db   Thumb Code     0  startup_stm32f429_439xx.o(.text)
    DMA1_Stream0_IRQHandler                  0x080001db   Thumb Code     0  startup_stm32f429_439xx.o(.text)
    DMA1_Stream1_IRQHandler                  0x080001db   Thumb Code     0  startup_stm32f429_439xx.o(.text)
    DMA1_Stream2_IRQHandler                  0x080001db   Thumb Code     0  startup_stm32f429_439xx.o(.text)
    DMA1_Stream3_IRQHandler                  0x080001db   Thumb Code     0  startup_stm32f429_439xx.o(.text)
    DMA1_Stream4_IRQHandler                  0x080001db   Thumb Code     0  startup_stm32f429_439xx.o(.text)
    DMA1_Stream5_IRQHandler                  0x080001db   Thumb Code     0  startup_stm32f429_439xx.o(.text)
    DMA1_Stream6_IRQHandler                  0x080001db   Thumb Code     0  startup_stm32f429_439xx.o(.text)
    DMA1_Stream7_IRQHandler                  0x080001db   Thumb Code     0  startup_stm32f429_439xx.o(.text)
    DMA2D_IRQHandler                         0x080001db   Thumb Code     0  startup_stm32f429_439xx.o(.text)
    DMA2_Stream0_IRQHandler                  0x080001db   Thumb Code     0  startup_stm32f429_439xx.o(.text)
    DMA2_Stream1_IRQHandler                  0x080001db   Thumb Code     0  startup_stm32f429_439xx.o(.text)
    DMA2_Stream2_IRQHandler                  0x080001db   Thumb Code     0  startup_stm32f429_439xx.o(.text)
    DMA2_Stream3_IRQHandler                  0x080001db   Thumb Code     0  startup_stm32f429_439xx.o(.text)
    DMA2_Stream4_IRQHandler                  0x080001db   Thumb Code     0  startup_stm32f429_439xx.o(.text)
    DMA2_Stream5_IRQHandler                  0x080001db   Thumb Code     0  startup_stm32f429_439xx.o(.text)
    DMA2_Stream6_IRQHandler                  0x080001db   Thumb Code     0  startup_stm32f429_439xx.o(.text)
    DMA2_Stream7_IRQHandler                  0x080001db   Thumb Code     0  startup_stm32f429_439xx.o(.text)
    ETH_IRQHandler                           0x080001db   Thumb Code     0  startup_stm32f429_439xx.o(.text)
    ETH_WKUP_IRQHandler                      0x080001db   Thumb Code     0  startup_stm32f429_439xx.o(.text)
    EXTI0_IRQHandler                         0x080001db   Thumb Code     0  startup_stm32f429_439xx.o(.text)
    EXTI15_10_IRQHandler                     0x080001db   Thumb Code     0  startup_stm32f429_439xx.o(.text)
    EXTI1_IRQHandler                         0x080001db   Thumb Code     0  startup_stm32f429_439xx.o(.text)
    EXTI2_IRQHandler                         0x080001db   Thumb Code     0  startup_stm32f429_439xx.o(.text)
    EXTI3_IRQHandler                         0x080001db   Thumb Code     0  startup_stm32f429_439xx.o(.text)
    EXTI4_IRQHandler                         0x080001db   Thumb Code     0  startup_stm32f429_439xx.o(.text)
    EXTI9_5_IRQHandler                       0x080001db   Thumb Code     0  startup_stm32f429_439xx.o(.text)
    FLASH_IRQHandler                         0x080001db   Thumb Code     0  startup_stm32f429_439xx.o(.text)
    FMC_IRQHandler                           0x080001db   Thumb Code     0  startup_stm32f429_439xx.o(.text)
    FPU_IRQHandler                           0x080001db   Thumb Code     0  startup_stm32f429_439xx.o(.text)
    HASH_RNG_IRQHandler                      0x080001db   Thumb Code     0  startup_stm32f429_439xx.o(.text)
    I2C1_ER_IRQHandler                       0x080001db   Thumb Code     0  startup_stm32f429_439xx.o(.text)
    I2C1_EV_IRQHandler                       0x080001db   Thumb Code     0  startup_stm32f429_439xx.o(.text)
    I2C2_ER_IRQHandler                       0x080001db   Thumb Code     0  startup_stm32f429_439xx.o(.text)
    I2C2_EV_IRQHandler                       0x080001db   Thumb Code     0  startup_stm32f429_439xx.o(.text)
    I2C3_ER_IRQHandler                       0x080001db   Thumb Code     0  startup_stm32f429_439xx.o(.text)
    I2C3_EV_IRQHandler                       0x080001db   Thumb Code     0  startup_stm32f429_439xx.o(.text)
    LTDC_ER_IRQHandler                       0x080001db   Thumb Code     0  startup_stm32f429_439xx.o(.text)
    LTDC_IRQHandler                          0x080001db   Thumb Code     0  startup_stm32f429_439xx.o(.text)
    OTG_FS_IRQHandler                        0x080001db   Thumb Code     0  startup_stm32f429_439xx.o(.text)
    OTG_FS_WKUP_IRQHandler                   0x080001db   Thumb Code     0  startup_stm32f429_439xx.o(.text)
    OTG_HS_EP1_IN_IRQHandler                 0x080001db   Thumb Code     0  startup_stm32f429_439xx.o(.text)
    OTG_HS_EP1_OUT_IRQHandler                0x080001db   Thumb Code     0  startup_stm32f429_439xx.o(.text)
    OTG_HS_IRQHandler                        0x080001db   Thumb Code     0  startup_stm32f429_439xx.o(.text)
    OTG_HS_WKUP_IRQHandler                   0x080001db   Thumb Code     0  startup_stm32f429_439xx.o(.text)
    PVD_IRQHandler                           0x080001db   Thumb Code     0  startup_stm32f429_439xx.o(.text)
    RCC_IRQHandler                           0x080001db   Thumb Code     0  startup_stm32f429_439xx.o(.text)
    RTC_Alarm_IRQHandler                     0x080001db   Thumb Code     0  startup_stm32f429_439xx.o(.text)
    RTC_WKUP_IRQHandler                      0x080001db   Thumb Code     0  startup_stm32f429_439xx.o(.text)
    SAI1_IRQHandler                          0x080001db   Thumb Code     0  startup_stm32f429_439xx.o(.text)
    SDIO_IRQHandler                          0x080001db   Thumb Code     0  startup_stm32f429_439xx.o(.text)
    SPI4_IRQHandler                          0x080001db   Thumb Code     0  startup_stm32f429_439xx.o(.text)
    SPI5_IRQHandler                          0x080001db   Thumb Code     0  startup_stm32f429_439xx.o(.text)
    SPI6_IRQHandler                          0x080001db   Thumb Code     0  startup_stm32f429_439xx.o(.text)
    TAMP_STAMP_IRQHandler                    0x080001db   Thumb Code     0  startup_stm32f429_439xx.o(.text)
    TIM1_BRK_TIM9_IRQHandler                 0x080001db   Thumb Code     0  startup_stm32f429_439xx.o(.text)
    TIM1_CC_IRQHandler                       0x080001db   Thumb Code     0  startup_stm32f429_439xx.o(.text)
    TIM1_TRG_COM_TIM11_IRQHandler            0x080001db   Thumb Code     0  startup_stm32f429_439xx.o(.text)
    TIM1_UP_TIM10_IRQHandler                 0x080001db   Thumb Code     0  startup_stm32f429_439xx.o(.text)
    TIM2_IRQHandler                          0x080001db   Thumb Code     0  startup_stm32f429_439xx.o(.text)
    TIM3_IRQHandler                          0x080001db   Thumb Code     0  startup_stm32f429_439xx.o(.text)
    TIM4_IRQHandler                          0x080001db   Thumb Code     0  startup_stm32f429_439xx.o(.text)
    TIM5_IRQHandler                          0x080001db   Thumb Code     0  startup_stm32f429_439xx.o(.text)
    TIM6_DAC_IRQHandler                      0x080001db   Thumb Code     0  startup_stm32f429_439xx.o(.text)
    TIM7_IRQHandler                          0x080001db   Thumb Code     0  startup_stm32f429_439xx.o(.text)
    TIM8_BRK_TIM12_IRQHandler                0x080001db   Thumb Code     0  startup_stm32f429_439xx.o(.text)
    TIM8_CC_IRQHandler                       0x080001db   Thumb Code     0  startup_stm32f429_439xx.o(.text)
    TIM8_TRG_COM_TIM14_IRQHandler            0x080001db   Thumb Code     0  startup_stm32f429_439xx.o(.text)
    TIM8_UP_TIM13_IRQHandler                 0x080001db   Thumb Code     0  startup_stm32f429_439xx.o(.text)
    UART4_IRQHandler                         0x080001db   Thumb Code     0  startup_stm32f429_439xx.o(.text)
    UART5_IRQHandler                         0x080001db   Thumb Code     0  startup_stm32f429_439xx.o(.text)
    UART7_IRQHandler                         0x080001db   Thumb Code     0  startup_stm32f429_439xx.o(.text)
    UART8_IRQHandler                         0x080001db   Thumb Code     0  startup_stm32f429_439xx.o(.text)
    USART1_IRQHandler                        0x080001db   Thumb Code     0  startup_stm32f429_439xx.o(.text)
    USART2_IRQHandler                        0x080001db   Thumb Code     0  startup_stm32f429_439xx.o(.text)
    USART3_IRQHandler                        0x080001db   Thumb Code     0  startup_stm32f429_439xx.o(.text)
    USART6_IRQHandler                        0x080001db   Thumb Code     0  startup_stm32f429_439xx.o(.text)
    WWDG_IRQHandler                          0x080001db   Thumb Code     0  startup_stm32f429_439xx.o(.text)
    NVIC_PriorityGroupConfig                 0x080001e5   Thumb Code    10  misc.o(.text)
    NVIC_Init                                0x080001ef   Thumb Code    96  misc.o(.text)
    NVIC_SetVectorTable                      0x0800024f   Thumb Code    14  misc.o(.text)
    NVIC_SystemLPConfig                      0x0800025d   Thumb Code    20  misc.o(.text)
    SysTick_CLKSourceConfig                  0x08000271   Thumb Code    24  misc.o(.text)
    RCC_DeInit                               0x08000295   Thumb Code    68  stm32f4xx_rcc.o(.text)
    RCC_HSEConfig                            0x080002d9   Thumb Code    12  stm32f4xx_rcc.o(.text)
    RCC_GetFlagStatus                        0x080002e5   Thumb Code    46  stm32f4xx_rcc.o(.text)
    RCC_WaitForHSEStartUp                    0x08000313   Thumb Code    44  stm32f4xx_rcc.o(.text)
    RCC_AdjustHSICalibrationValue            0x0800033f   Thumb Code    16  stm32f4xx_rcc.o(.text)
    RCC_HSICmd                               0x0800034f   Thumb Code     6  stm32f4xx_rcc.o(.text)
    RCC_LSEConfig                            0x08000355   Thumb Code    24  stm32f4xx_rcc.o(.text)
    RCC_LSICmd                               0x0800036d   Thumb Code     6  stm32f4xx_rcc.o(.text)
    RCC_PLLConfig                            0x08000373   Thumb Code    32  stm32f4xx_rcc.o(.text)
    RCC_PLLCmd                               0x08000393   Thumb Code     6  stm32f4xx_rcc.o(.text)
    RCC_PLLI2SConfig                         0x08000399   Thumb Code    18  stm32f4xx_rcc.o(.text)
    RCC_PLLI2SCmd                            0x080003ab   Thumb Code     6  stm32f4xx_rcc.o(.text)
    RCC_PLLSAIConfig                         0x080003b1   Thumb Code    18  stm32f4xx_rcc.o(.text)
    RCC_PLLSAICmd                            0x080003c3   Thumb Code     6  stm32f4xx_rcc.o(.text)
    RCC_ClockSecuritySystemCmd               0x080003c9   Thumb Code     6  stm32f4xx_rcc.o(.text)
    RCC_MCO1Config                           0x080003cf   Thumb Code    18  stm32f4xx_rcc.o(.text)
    RCC_MCO2Config                           0x080003e1   Thumb Code    18  stm32f4xx_rcc.o(.text)
    RCC_SYSCLKConfig                         0x080003f3   Thumb Code    16  stm32f4xx_rcc.o(.text)
    RCC_GetSYSCLKSource                      0x08000403   Thumb Code    12  stm32f4xx_rcc.o(.text)
    RCC_HCLKConfig                           0x0800040f   Thumb Code    16  stm32f4xx_rcc.o(.text)
    RCC_PCLK1Config                          0x0800041f   Thumb Code    16  stm32f4xx_rcc.o(.text)
    RCC_PCLK2Config                          0x0800042f   Thumb Code    18  stm32f4xx_rcc.o(.text)
    RCC_GetClocksFreq                        0x08000441   Thumb Code   134  stm32f4xx_rcc.o(.text)
    RCC_RTCCLKConfig                         0x080004c7   Thumb Code    42  stm32f4xx_rcc.o(.text)
    RCC_RTCCLKCmd                            0x080004f1   Thumb Code     8  stm32f4xx_rcc.o(.text)
    RCC_BackupResetCmd                       0x080004f9   Thumb Code     8  stm32f4xx_rcc.o(.text)
    RCC_I2SCLKConfig                         0x08000501   Thumb Code     8  stm32f4xx_rcc.o(.text)
    RCC_SAIBlockACLKConfig                   0x08000509   Thumb Code    16  stm32f4xx_rcc.o(.text)
    RCC_SAIBlockBCLKConfig                   0x08000519   Thumb Code    16  stm32f4xx_rcc.o(.text)
    RCC_SAIPLLI2SClkDivConfig                0x08000529   Thumb Code    18  stm32f4xx_rcc.o(.text)
    RCC_SAIPLLSAIClkDivConfig                0x0800053b   Thumb Code    24  stm32f4xx_rcc.o(.text)
    RCC_LTDCCLKDivConfig                     0x08000553   Thumb Code    16  stm32f4xx_rcc.o(.text)
    RCC_TIMCLKPresConfig                     0x08000563   Thumb Code     8  stm32f4xx_rcc.o(.text)
    RCC_AHB1PeriphClockCmd                   0x0800056b   Thumb Code    20  stm32f4xx_rcc.o(.text)
    RCC_AHB2PeriphClockCmd                   0x0800057f   Thumb Code    20  stm32f4xx_rcc.o(.text)
    RCC_AHB3PeriphClockCmd                   0x08000593   Thumb Code    20  stm32f4xx_rcc.o(.text)
    RCC_APB1PeriphClockCmd                   0x080005a7   Thumb Code    20  stm32f4xx_rcc.o(.text)
    RCC_APB2PeriphClockCmd                   0x080005bb   Thumb Code    20  stm32f4xx_rcc.o(.text)
    RCC_AHB1PeriphResetCmd                   0x080005cf   Thumb Code    20  stm32f4xx_rcc.o(.text)
    RCC_AHB2PeriphResetCmd                   0x080005e3   Thumb Code    20  stm32f4xx_rcc.o(.text)
    RCC_AHB3PeriphResetCmd                   0x080005f7   Thumb Code    20  stm32f4xx_rcc.o(.text)
    RCC_APB1PeriphResetCmd                   0x0800060b   Thumb Code    20  stm32f4xx_rcc.o(.text)
    RCC_APB2PeriphResetCmd                   0x0800061f   Thumb Code    20  stm32f4xx_rcc.o(.text)
    RCC_AHB1PeriphClockLPModeCmd             0x08000633   Thumb Code    20  stm32f4xx_rcc.o(.text)
    RCC_AHB2PeriphClockLPModeCmd             0x08000647   Thumb Code    20  stm32f4xx_rcc.o(.text)
    RCC_AHB3PeriphClockLPModeCmd             0x0800065b   Thumb Code    20  stm32f4xx_rcc.o(.text)
    RCC_APB1PeriphClockLPModeCmd             0x0800066f   Thumb Code    64  stm32f4xx_rcc.o(.text)
    RCC_APB2PeriphClockLPModeCmd             0x080006af   Thumb Code    18  stm32f4xx_rcc.o(.text)
    RCC_LSEModeConfig                        0x080006c1   Thumb Code    24  stm32f4xx_rcc.o(.text)
    RCC_ITConfig                             0x080006d9   Thumb Code    20  stm32f4xx_rcc.o(.text)
    RCC_ClearFlag                            0x080006ed   Thumb Code    14  stm32f4xx_rcc.o(.text)
    RCC_GetITStatus                          0x080006fb   Thumb Code    18  stm32f4xx_rcc.o(.text)
    RCC_ClearITPendingBit                    0x0800070d   Thumb Code     8  stm32f4xx_rcc.o(.text)
    GPIO_DeInit                              0x08000719   Thumb Code   216  stm32f4xx_gpio.o(.text)
    GPIO_Init                                0x080007f1   Thumb Code   120  stm32f4xx_gpio.o(.text)
    GPIO_StructInit                          0x08000869   Thumb Code    18  stm32f4xx_gpio.o(.text)
    GPIO_PinLockConfig                       0x0800087b   Thumb Code    24  stm32f4xx_gpio.o(.text)
    GPIO_ReadInputDataBit                    0x08000893   Thumb Code    14  stm32f4xx_gpio.o(.text)
    GPIO_ReadInputData                       0x080008a1   Thumb Code     6  stm32f4xx_gpio.o(.text)
    GPIO_ReadOutputDataBit                   0x080008a7   Thumb Code    14  stm32f4xx_gpio.o(.text)
    GPIO_ReadOutputData                      0x080008b5   Thumb Code     6  stm32f4xx_gpio.o(.text)
    GPIO_SetBits                             0x080008bb   Thumb Code     4  stm32f4xx_gpio.o(.text)
    GPIO_ResetBits                           0x080008bf   Thumb Code     4  stm32f4xx_gpio.o(.text)
    GPIO_WriteBit                            0x080008c3   Thumb Code    10  stm32f4xx_gpio.o(.text)
    GPIO_Write                               0x080008cd   Thumb Code     4  stm32f4xx_gpio.o(.text)
    GPIO_ToggleBits                          0x080008d1   Thumb Code     8  stm32f4xx_gpio.o(.text)
    GPIO_PinAFConfig                         0x080008d9   Thumb Code    32  stm32f4xx_gpio.o(.text)
    FMC_NORSRAMDeInit                        0x08000925   Thumb Code    38  stm32f4xx_fmc.o(.text)
    FMC_NORSRAMInit                          0x0800094b   Thumb Code   268  stm32f4xx_fmc.o(.text)
    FMC_NORSRAMStructInit                    0x08000a57   Thumb Code    46  stm32f4xx_fmc.o(.text)
    FMC_NORSRAMCmd                           0x08000a85   Thumb Code    26  stm32f4xx_fmc.o(.text)
    FMC_NANDDeInit                           0x08000a9f   Thumb Code    40  stm32f4xx_fmc.o(.text)
    FMC_NANDInit                             0x08000ac7   Thumb Code   158  stm32f4xx_fmc.o(.text)
    FMC_NANDStructInit                       0x08000b65   Thumb Code    54  stm32f4xx_fmc.o(.text)
    FMC_NANDCmd                              0x08000b9b   Thumb Code    54  stm32f4xx_fmc.o(.text)
    FMC_NANDECCCmd                           0x08000bd1   Thumb Code    54  stm32f4xx_fmc.o(.text)
    FMC_GetECC                               0x08000c07   Thumb Code    18  stm32f4xx_fmc.o(.text)
    FMC_PCCARDDeInit                         0x08000c19   Thumb Code    26  stm32f4xx_fmc.o(.text)
    FMC_PCCARDInit                           0x08000c33   Thumb Code   116  stm32f4xx_fmc.o(.text)
    FMC_PCCARDStructInit                     0x08000ca7   Thumb Code    60  stm32f4xx_fmc.o(.text)
    FMC_PCCARDCmd                            0x08000ce3   Thumb Code    28  stm32f4xx_fmc.o(.text)
    FMC_SDRAMDeInit                          0x08000cff   Thumb Code    42  stm32f4xx_fmc.o(.text)
    FMC_SDRAMInit                            0x08000d29   Thumb Code   312  stm32f4xx_fmc.o(.text)
    FMC_SDRAMStructInit                      0x08000e61   Thumb Code    60  stm32f4xx_fmc.o(.text)
    FMC_SDRAMCmdConfig                       0x08000e9d   Thumb Code    34  stm32f4xx_fmc.o(.text)
    FMC_GetModeStatus                        0x08000ebf   Thumb Code    26  stm32f4xx_fmc.o(.text)
    FMC_SetRefreshCount                      0x08000ed9   Thumb Code    18  stm32f4xx_fmc.o(.text)
    FMC_SetAutoRefresh_Number                0x08000eeb   Thumb Code    18  stm32f4xx_fmc.o(.text)
    FMC_SDRAMWriteProtectionConfig           0x08000efd   Thumb Code    32  stm32f4xx_fmc.o(.text)
    FMC_ITConfig                             0x08000f1d   Thumb Code   102  stm32f4xx_fmc.o(.text)
    FMC_GetFlagStatus                        0x08000f83   Thumb Code    54  stm32f4xx_fmc.o(.text)
    FMC_ClearFlag                            0x08000fb9   Thumb Code    56  stm32f4xx_fmc.o(.text)
    FMC_GetITStatus                          0x08000ff1   Thumb Code    80  stm32f4xx_fmc.o(.text)
    FMC_ClearITPendingBit                    0x08001041   Thumb Code    62  stm32f4xx_fmc.o(.text)
    SPI_I2S_DeInit                           0x08001085   Thumb Code   108  stm32f4xx_spi.o(.text)
    SPI_Init                                 0x080010f1   Thumb Code    56  stm32f4xx_spi.o(.text)
    I2S_Init                                 0x08001129   Thumb Code   198  stm32f4xx_spi.o(.text)
    SPI_StructInit                           0x080011ef   Thumb Code    24  stm32f4xx_spi.o(.text)
    I2S_StructInit                           0x08001207   Thumb Code    18  stm32f4xx_spi.o(.text)
    SPI_Cmd                                  0x08001219   Thumb Code    20  stm32f4xx_spi.o(.text)
    I2S_Cmd                                  0x0800122d   Thumb Code    20  stm32f4xx_spi.o(.text)
    SPI_DataSizeConfig                       0x08001241   Thumb Code    16  stm32f4xx_spi.o(.text)
    SPI_BiDirectionalLineConfig              0x08001251   Thumb Code    22  stm32f4xx_spi.o(.text)
    SPI_NSSInternalSoftwareConfig            0x08001267   Thumb Code    24  stm32f4xx_spi.o(.text)
    SPI_SSOutputCmd                          0x0800127f   Thumb Code    20  stm32f4xx_spi.o(.text)
    SPI_TIModeCmd                            0x08001293   Thumb Code    20  stm32f4xx_spi.o(.text)
    I2S_FullDuplexConfig                     0x080012a7   Thumb Code    58  stm32f4xx_spi.o(.text)
    SPI_I2S_ReceiveData                      0x080012e1   Thumb Code     4  stm32f4xx_spi.o(.text)
    SPI_I2S_SendData                         0x080012e5   Thumb Code     4  stm32f4xx_spi.o(.text)
    SPI_CalculateCRC                         0x080012e9   Thumb Code    20  stm32f4xx_spi.o(.text)
    SPI_TransmitCRC                          0x080012fd   Thumb Code    10  stm32f4xx_spi.o(.text)
    SPI_GetCRC                               0x08001307   Thumb Code    12  stm32f4xx_spi.o(.text)
    SPI_GetCRCPolynomial                     0x08001313   Thumb Code     4  stm32f4xx_spi.o(.text)
    SPI_I2S_DMACmd                           0x08001317   Thumb Code    16  stm32f4xx_spi.o(.text)
    SPI_I2S_ITConfig                         0x08001327   Thumb Code    24  stm32f4xx_spi.o(.text)
    SPI_I2S_GetFlagStatus                    0x0800133f   Thumb Code    14  stm32f4xx_spi.o(.text)
    SPI_I2S_ClearFlag                        0x0800134d   Thumb Code     6  stm32f4xx_spi.o(.text)
    SPI_I2S_GetITStatus                      0x08001353   Thumb Code    44  stm32f4xx_spi.o(.text)
    SPI_I2S_ClearITPendingBit                0x0800137f   Thumb Code    14  stm32f4xx_spi.o(.text)
    USART_DeInit                             0x080013b1   Thumb Code   138  stm32f4xx_usart.o(.text)
    USART_Init                               0x0800143b   Thumb Code   164  stm32f4xx_usart.o(.text)
    USART_StructInit                         0x080014df   Thumb Code    22  stm32f4xx_usart.o(.text)
    USART_ClockInit                          0x080014f5   Thumb Code    28  stm32f4xx_usart.o(.text)
    USART_ClockStructInit                    0x08001511   Thumb Code    12  stm32f4xx_usart.o(.text)
    USART_Cmd                                0x0800151d   Thumb Code    20  stm32f4xx_usart.o(.text)
    USART_SetPrescaler                       0x08001531   Thumb Code    16  stm32f4xx_usart.o(.text)
    USART_OverSampling8Cmd                   0x08001541   Thumb Code    20  stm32f4xx_usart.o(.text)
    USART_OneBitMethodCmd                    0x08001555   Thumb Code    20  stm32f4xx_usart.o(.text)
    USART_SendData                           0x08001569   Thumb Code     8  stm32f4xx_usart.o(.text)
    USART_ReceiveData                        0x08001571   Thumb Code     8  stm32f4xx_usart.o(.text)
    USART_SetAddress                         0x08001579   Thumb Code    16  stm32f4xx_usart.o(.text)
    USART_ReceiverWakeUpCmd                  0x08001589   Thumb Code    20  stm32f4xx_usart.o(.text)
    USART_WakeUpConfig                       0x0800159d   Thumb Code    16  stm32f4xx_usart.o(.text)
    USART_LINBreakDetectLengthConfig         0x080015ad   Thumb Code    16  stm32f4xx_usart.o(.text)
    USART_LINCmd                             0x080015bd   Thumb Code    20  stm32f4xx_usart.o(.text)
    USART_SendBreak                          0x080015d1   Thumb Code    10  stm32f4xx_usart.o(.text)
    USART_HalfDuplexCmd                      0x080015db   Thumb Code    20  stm32f4xx_usart.o(.text)
    USART_SetGuardTime                       0x080015ef   Thumb Code    16  stm32f4xx_usart.o(.text)
    USART_SmartCardCmd                       0x080015ff   Thumb Code    20  stm32f4xx_usart.o(.text)
    USART_SmartCardNACKCmd                   0x08001613   Thumb Code    20  stm32f4xx_usart.o(.text)
    USART_IrDAConfig                         0x08001627   Thumb Code    16  stm32f4xx_usart.o(.text)
    USART_IrDACmd                            0x08001637   Thumb Code    20  stm32f4xx_usart.o(.text)
    USART_DMACmd                             0x0800164b   Thumb Code    16  stm32f4xx_usart.o(.text)
    USART_ITConfig                           0x0800165b   Thumb Code    48  stm32f4xx_usart.o(.text)
    USART_GetFlagStatus                      0x0800168b   Thumb Code    14  stm32f4xx_usart.o(.text)
    USART_ClearFlag                          0x08001699   Thumb Code     6  stm32f4xx_usart.o(.text)
    USART_GetITStatus                        0x0800169f   Thumb Code    62  stm32f4xx_usart.o(.text)
    USART_ClearITPendingBit                  0x080016dd   Thumb Code    12  stm32f4xx_usart.o(.text)
    TimingDelay_Decrement                    0x08001709   Thumb Code    88  tm_stm32f4_delay.o(.text)
    TM_DELAY_Init                            0x08001761   Thumb Code    60  tm_stm32f4_delay.o(.text)
    TM_DELAY_EnableDelayTimer                0x0800179d   Thumb Code    22  tm_stm32f4_delay.o(.text)
    TM_DELAY_DisableDelayTimer               0x080017b3   Thumb Code    14  tm_stm32f4_delay.o(.text)
    TM_DELAY_TimerCreate                     0x080017c1   Thumb Code    68  tm_stm32f4_delay.o(.text)
    TM_DELAY_TimerDelete                     0x08001805   Thumb Code    86  tm_stm32f4_delay.o(.text)
    TM_DELAY_TimerStop                       0x0800185b   Thumb Code     6  tm_stm32f4_delay.o(.text)
    TM_DELAY_TimerStart                      0x08001861   Thumb Code     6  tm_stm32f4_delay.o(.text)
    TM_DELAY_TimerReset                      0x08001867   Thumb Code     6  tm_stm32f4_delay.o(.text)
    TM_DELAY_TimerAutoReload                 0x0800186d   Thumb Code     4  tm_stm32f4_delay.o(.text)
    TM_DELAY_TimerAutoReloadValue            0x08001871   Thumb Code     4  tm_stm32f4_delay.o(.text)
    TM_GPIO_GetPortSource                    0x08001889   Thumb Code    10  tm_stm32f4_gpio.o(.text)
    TM_GPIO_INT_Init                         0x08001893   Thumb Code   130  tm_stm32f4_gpio.o(.text)
    TM_GPIO_INT_EnableClock                  0x08001915   Thumb Code    20  tm_stm32f4_gpio.o(.text)
    TM_GPIO_Init                             0x08001929   Thumb Code    34  tm_stm32f4_gpio.o(.text)
    TM_GPIO_InitAlternate                    0x0800194b   Thumb Code    92  tm_stm32f4_gpio.o(.text)
    TM_GPIO_DeInit                           0x080019a7   Thumb Code    66  tm_stm32f4_gpio.o(.text)
    TM_GPIO_SetPinAsInput                    0x080019e9   Thumb Code    38  tm_stm32f4_gpio.o(.text)
    TM_GPIO_SetPinAsOutput                   0x08001a0f   Thumb Code    46  tm_stm32f4_gpio.o(.text)
    TM_GPIO_SetPinAsAnalog                   0x08001a3d   Thumb Code    38  tm_stm32f4_gpio.o(.text)
    TM_GPIO_SetPinAsAlternate                0x08001a63   Thumb Code    48  tm_stm32f4_gpio.o(.text)
    TM_GPIO_SetPullResistor                  0x08001a93   Thumb Code    46  tm_stm32f4_gpio.o(.text)
    TM_GPIO_Lock                             0x08001ac1   Thumb Code    16  tm_stm32f4_gpio.o(.text)
    TM_GPIO_GetPinSource                     0x08001ad1   Thumb Code    18  tm_stm32f4_gpio.o(.text)
    TM_GPIO_INT_DisableClock                 0x08001ae3   Thumb Code    20  tm_stm32f4_gpio.o(.text)
    TM_GPIO_GetUsedPins                      0x08001af7   Thumb Code    14  tm_stm32f4_gpio.o(.text)
    TM_GPIO_GetFreePins                      0x08001b05   Thumb Code    18  tm_stm32f4_gpio.o(.text)
    TM_SDRAM_InitCustomPinsCallback          0x08001b25   Thumb Code     4  tm_stm32f4_sdram.o(.text)
    TM_SDRAM_Init                            0x08001b29   Thumb Code   368  tm_stm32f4_sdram.o(.text)
    calculate_free_area                      0x08001d35   Thumb Code    30  main.o(.text)
    Initilize_SPI1                           0x08001d53   Thumb Code   188  main.o(.text)
    Initilize_SPI2                           0x08001e0f   Thumb Code   190  main.o(.text)
    SPI2_IRQHandler                          0x08001ecd   Thumb Code    68  main.o(.text)
    Initilize_SPI1_B                         0x08001f11   Thumb Code   224  main.o(.text)
    Initilize_SPI3                           0x08001ff1   Thumb Code   234  main.o(.text)
    SPI1_IRQHandler                          0x080020db   Thumb Code   102  main.o(.text)
    SPI3_IRQHandler                          0x08002141   Thumb Code    68  main.o(.text)
    USART1_Configuration                     0x08002185   Thumb Code   128  main.o(.text)
    main                                     0x08002205   Thumb Code   420  main.o(.text)
    NMI_Handler                              0x080023cd   Thumb Code     2  stm32f4xx_it.o(.text)
    HardFault_Handler                        0x080023cf   Thumb Code     2  stm32f4xx_it.o(.text)
    MemManage_Handler                        0x080023d1   Thumb Code     2  stm32f4xx_it.o(.text)
    BusFault_Handler                         0x080023d3   Thumb Code     2  stm32f4xx_it.o(.text)
    UsageFault_Handler                       0x080023d5   Thumb Code     2  stm32f4xx_it.o(.text)
    SVC_Handler                              0x080023d7   Thumb Code     2  stm32f4xx_it.o(.text)
    DebugMon_Handler                         0x080023d9   Thumb Code     2  stm32f4xx_it.o(.text)
    PendSV_Handler                           0x080023db   Thumb Code     2  stm32f4xx_it.o(.text)
    SysTick_Handler                          0x080023df   Thumb Code    16  stm32f4xx_it.o(.text)
    SystemInit                               0x080024b3   Thumb Code    74  system_stm32f4xx.o(.text)
    SystemCoreClockUpdate                    0x080024fd   Thumb Code   108  system_stm32f4xx.o(.text)
    __scatterload                            0x0800258d   Thumb Code    28  init.o(.text)
    __scatterload_rt2                        0x0800258d   Thumb Code     0  init.o(.text)
    __scatterload_copy                       0x080025b1   Thumb Code    14  handlers.o(i.__scatterload_copy)
    __scatterload_null                       0x080025bf   Thumb Code     2  handlers.o(i.__scatterload_null)
    __scatterload_zeroinit                   0x080025c1   Thumb Code    14  handlers.o(i.__scatterload_zeroinit)
    free                                     0x080025d1   Thumb Code    76  malloc.o(i.free)
    malloc                                   0x08002621   Thumb Code    92  malloc.o(i.malloc)
    FMC_DefaultTimingStruct                  0x0800268c   Data          28  stm32f4xx_fmc.o(.constdata)
    Region$$Table$$Base                      0x080026a8   Number         0  anon$$obj.o(Region$$Table)
    Region$$Table$$Limit                     0x080026c8   Number         0  anon$$obj.o(Region$$Table)
    TM_DELAY_Initialized                     0x20000010   Data           1  tm_stm32f4_delay.o(.data)
    TM_Time                                  0x20000014   Data           4  tm_stm32f4_delay.o(.data)
    TM_Time2                                 0x20000018   Data           4  tm_stm32f4_delay.o(.data)
    mult                                     0x2000001c   Data           4  tm_stm32f4_delay.o(.data)
    buff_index                               0x20000024   Data           4  main.o(.data)
    buff_index_mag                           0x20000028   Data           4  main.o(.data)
    buff_index_bit2                          0x2000002c   Data           4  main.o(.data)
    tx_buff_index                            0x20000030   Data           4  main.o(.data)
    total_bytes_transmitted                  0x20000034   Data           4  main.o(.data)
    testing0                                 0x20000038   Data           4  main.o(.data)
    testing1                                 0x2000003c   Data           4  main.o(.data)
    rotate                                   0x20000040   Data           4  main.o(.data)
    time_stamp                               0x20000044   Data           4  main.o(.data)
    start_time                               0x20000048   Data           4  main.o(.data)
    SystemCoreClock                          0x2000004c   Data           4  system_stm32f4xx.o(.data)
    AHBPrescTable                            0x20000050   Data          16  system_stm32f4xx.o(.data)
    __microlib_freelist                      0x20000060   Data           4  mvars.o(.data)
    __microlib_freelist_initialised          0x20000064   Data           4  mvars.o(.data)
    __heap_base                              0x20000098   Data           0  startup_stm32f429_439xx.o(HEAP)
    __heap_limit                             0x20000298   Data           0  startup_stm32f429_439xx.o(HEAP)
    __initial_sp                             0x20000698   Data           0  startup_stm32f429_439xx.o(STACK)



==============================================================================

Memory Map of the image

  Image Entry point : 0x080001ad

  Load Region LR_IROM1 (Base: 0x08000000, Size: 0x00002730, Max: 0x00200000, ABSOLUTE)

    Execution Region ER_IROM1 (Exec base: 0x08000000, Load base: 0x08000000, Size: 0x000026c8, Max: 0x00200000, ABSOLUTE)

    Exec Addr    Load Addr    Size         Type   Attr      Idx    E Section Name        Object

    0x08000000   0x08000000   0x000001ac   Data   RO            3    RESET               startup_stm32f429_439xx.o
    0x080001ac   0x080001ac   0x00000000   Code   RO          531  * .ARM.Collect$$$$00000000  mc_w.l(entry.o)
    0x080001ac   0x080001ac   0x00000004   Code   RO          562    .ARM.Collect$$$$00000001  mc_w.l(entry2.o)
    0x080001b0   0x080001b0   0x00000004   Code   RO          565    .ARM.Collect$$$$00000004  mc_w.l(entry5.o)
    0x080001b4   0x080001b4   0x00000000   Code   RO          567    .ARM.Collect$$$$00000008  mc_w.l(entry7b.o)
    0x080001b4   0x080001b4   0x00000000   Code   RO          569    .ARM.Collect$$$$0000000A  mc_w.l(entry8b.o)
    0x080001b4   0x080001b4   0x00000008   Code   RO          570    .ARM.Collect$$$$0000000B  mc_w.l(entry9a.o)
    0x080001bc   0x080001bc   0x00000000   Code   RO          572    .ARM.Collect$$$$0000000D  mc_w.l(entry10a.o)
    0x080001bc   0x080001bc   0x00000000   Code   RO          574    .ARM.Collect$$$$0000000F  mc_w.l(entry11a.o)
    0x080001bc   0x080001bc   0x00000004   Code   RO          563    .ARM.Collect$$$$00002712  mc_w.l(entry2.o)
    0x080001c0   0x080001c0   0x00000024   Code   RO            4    .text               startup_stm32f429_439xx.o
    0x080001e4   0x080001e4   0x000000b0   Code   RO           13    .text               misc.o
    0x08000294   0x08000294   0x00000484   Code   RO          151    .text               stm32f4xx_rcc.o
    0x08000718   0x08000718   0x0000020c   Code   RO          177    .text               stm32f4xx_gpio.o
    0x08000924   0x08000924   0x00000760   Code   RO          201    .text               stm32f4xx_fmc.o
    0x08001084   0x08001084   0x0000032c   Code   RO          228    .text               stm32f4xx_spi.o
    0x080013b0   0x080013b0   0x00000358   Code   RO          252    .text               stm32f4xx_usart.o
    0x08001708   0x08001708   0x00000180   Code   RO          276    .text               tm_stm32f4_delay.o
    0x08001888   0x08001888   0x0000029c   Code   RO          356    .text               tm_stm32f4_gpio.o
    0x08001b24   0x08001b24   0x00000210   Code   RO          383    .text               tm_stm32f4_sdram.o
    0x08001d34   0x08001d34   0x00000698   Code   RO          439    .text               main.o
    0x080023cc   0x080023cc   0x00000028   Code   RO          476    .text               stm32f4xx_it.o
    0x080023f4   0x080023f4   0x00000198   Code   RO          504    .text               system_stm32f4xx.o
    0x0800258c   0x0800258c   0x00000024   Code   RO          582    .text               mc_w.l(init.o)
    0x080025b0   0x080025b0   0x0000000e   Code   RO          586    i.__scatterload_copy  mc_w.l(handlers.o)
    0x080025be   0x080025be   0x00000002   Code   RO          587    i.__scatterload_null  mc_w.l(handlers.o)
    0x080025c0   0x080025c0   0x0000000e   Code   RO          588    i.__scatterload_zeroinit  mc_w.l(handlers.o)
    0x080025ce   0x080025ce   0x00000002   PAD
    0x080025d0   0x080025d0   0x00000050   Code   RO          534    i.free              mc_w.l(malloc.o)
    0x08002620   0x08002620   0x0000006c   Code   RO          535    i.malloc            mc_w.l(malloc.o)
    0x0800268c   0x0800268c   0x0000001c   Data   RO          202    .constdata          stm32f4xx_fmc.o
    0x080026a8   0x080026a8   0x00000020   Data   RO          584    Region$$Table       anon$$obj.o


    Execution Region RW_IRAM1 (Exec base: 0x20000000, Load base: 0x080026c8, Size: 0x00000698, Max: 0x00030000, ABSOLUTE)

    Exec Addr    Load Addr    Size         Type   Attr      Idx    E Section Name        Object

    0x20000000   0x080026c8   0x00000010   Data   RW          152    .data               stm32f4xx_rcc.o
    0x20000010   0x080026d8   0x00000010   Data   RW          279    .data               tm_stm32f4_delay.o
    0x20000020   0x080026e8   0x00000001   Data   RW          384    .data               tm_stm32f4_sdram.o
    0x20000021   0x080026e9   0x00000003   PAD
    0x20000024   0x080026ec   0x00000028   Data   RW          440    .data               main.o
    0x2000004c   0x08002714   0x00000014   Data   RW          505    .data               system_stm32f4xx.o
    0x20000060   0x08002728   0x00000004   Data   RW          580    .data               mc_w.l(mvars.o)
    0x20000064   0x0800272c   0x00000004   Data   RW          581    .data               mc_w.l(mvars.o)
    0x20000068        -       0x00000018   Zero   RW          277    .bss                tm_stm32f4_delay.o
    0x20000080        -       0x00000016   Zero   RW          357    .bss                tm_stm32f4_gpio.o
    0x20000096   0x08002730   0x00000002   PAD
    0x20000098        -       0x00000200   Zero   RW            2    HEAP                startup_stm32f429_439xx.o
    0x20000298        -       0x00000400   Zero   RW            1    STACK               startup_stm32f429_439xx.o


==============================================================================

Image component sizes


      Code (inc. data)   RO Data    RW Data    ZI Data      Debug   Object Name

      1688         70          0         40          0       5315   main.o
       176         12          0          0          0     303129   misc.o
        36          8        428          0       1536       1040   startup_stm32f429_439xx.o
      1888         34         28          0          0       9014   stm32f4xx_fmc.o
       524         44          0          0          0       4837   stm32f4xx_gpio.o
        40          6          0          0          0       1476   stm32f4xx_it.o
      1156         48          0         16          0      13860   stm32f4xx_rcc.o
       812         36          0          0          0       7737   stm32f4xx_spi.o
       856         32          0          0          0       8648   stm32f4xx_usart.o
       408         36          0         20          0       1999   system_stm32f4xx.o
       384         20          0         16         24      33398   tm_stm32f4_delay.o
         0          0          0          0          0       2132   tm_stm32f4_disco.o
       668         14          0          0         22       5518   tm_stm32f4_gpio.o
       528         36          0          1          0       1792   tm_stm32f4_sdram.o

    ----------------------------------------------------------------------
      9164        396        488         96       1584     399895   Object Totals
         0          0         32          0          0          0   (incl. Generated)
         0          0          0          3          2          0   (incl. Padding)

    ----------------------------------------------------------------------

      Code (inc. data)   RO Data    RW Data    ZI Data      Debug   Library Member Name

         0          0          0          0          0          0   entry.o
         0          0          0          0          0          0   entry10a.o
         0          0          0          0          0          0   entry11a.o
         8          4          0          0          0          0   entry2.o
         4          0          0          0          0          0   entry5.o
         0          0          0          0          0          0   entry7b.o
         0          0          0          0          0          0   entry8b.o
         8          4          0          0          0          0   entry9a.o
        30          0          0          0          0          0   handlers.o
        36          8          0          0          0         68   init.o
       188         20          0          0          0        160   malloc.o
         0          0          0          8          0          0   mvars.o

    ----------------------------------------------------------------------
       276         36          0          8          0        228   Library Totals
         2          0          0          0          0          0   (incl. Padding)

    ----------------------------------------------------------------------

      Code (inc. data)   RO Data    RW Data    ZI Data      Debug   Library Name

       274         36          0          8          0        228   mc_w.l

    ----------------------------------------------------------------------
       276         36          0          8          0        228   Library Totals

    ----------------------------------------------------------------------

==============================================================================


      Code (inc. data)   RO Data    RW Data    ZI Data      Debug   

      9440        432        488        104       1584     396875   Grand Totals
      9440        432        488        104       1584     396875   ELF Image Totals
      9440        432        488        104          0          0   ROM Totals

==============================================================================

    Total RO  Size (Code + RO Data)                 9928 (   9.70kB)
    Total RW  Size (RW Data + ZI Data)              1688 (   1.65kB)
    Total ROM Size (Code + RO Data + RW Data)      10032 (   9.80kB)

==============================================================================

